node.exe : npm warn Unknown cli config "--filter". This will stop working in the next major version of npm.
At line:1 char:1
+ & "C:\Program Files\nodejs/node.exe" "C:\Program Files\nodejs/node_mo ...
+ ~~~~~~~~~~~~~~~~~~~~~~~~~~~~~~~~~~~~~~~~~~~~~~~~~~~~~~~~~~~~~~~~~~~~~
    + CategoryInfo          : NotSpecified: (npm warn Unknow...version of npm.:String) [], RemoteException
    + FullyQualifiedErrorId : NativeCommandError
 
npm warn Unknown project config "auto-install-peers". This will stop working in the next major version of npm.

> build
> turbo run build

ΓÇó turbo 2.8.21

   ΓÇó Packages in scope: @repo/app, @repo/eslint-config, @repo/logic, @repo/tailwind-config, @repo/typescript-config, @repo/ui, web
   ΓÇó Running build in 7 packages
   ΓÇó Remote caching disabled

@repo/ui:build:components: cache miss, executing 9ac7e04add84a8bf
@repo/ui:build:styles: cache hit, replaying logs b77bf6b675de1516
@repo/ui:build:styles: [6n[?9001h[?1004h[m]0;C:\WINDOWS\system32\cmd.exe[?25h]0;npm[1mnpm[22m [33mwarn [94mUnknown project config "auto-install-peers". This will stop working in the next major version of npm.
@repo/ui:build:styles: [m]0;npm run build:styles[?25l
@repo/ui:build:styles: > @repo/ui@0.0.0 build:styles
@repo/ui:build:styles: > tailwindcss -i ./src/styles.css -o ./dist/index.css[6;1H[?25h[K]0;C:\WINDOWS\system32\cmd.exe 
@repo/ui:build:styles: Rebuilding...
@repo/ui:build:styles: 
@repo/ui:build:styles: [33m[1mwarn[m - No utility classes were detected in your source files. If this is unexpected, double-check the `content` o
@repo/ui:build:styles: [7;113Hoption in your Tailwind CSS configuration.
@repo/ui:build:styles: [33m[1mwarn[m - https://tailwindcss.com/docs/content-configuration[K
@repo/ui:build:styles: 
@repo/ui:build:styles: Done in 158ms.
@repo/ui:build:styles: [K[?9001l[?1004l
@repo/ui:build:components: npm warn Unknown project config "auto-install-peers". This will stop working in the next major version of npm.
@repo/ui:build:components: 
@repo/ui:build:components: > @repo/ui@0.0.0 build:components
@repo/ui:build:components: > tsc
@repo/ui:build:components: 
@repo/ui:build:components: src/button.native.tsx(1,37): error TS2307: Cannot find module 'react-native' or its corresponding type declarations.
@repo/ui:build:components: npm error Lifecycle script `build:components` failed with error:
@repo/ui:build:components: npm error code 2
@repo/ui:build:components: npm error path C:\bizedapp\bized-app\packages\ui
@repo/ui:build:components: npm error workspace @repo/ui@0.0.0
@repo/ui:build:components: npm error location C:\bizedapp\bized-app\packages\ui
@repo/ui:build:components: npm error command failed
@repo/ui:build:components: npm error command C:\WINDOWS\system32\cmd.exe /d /s /c tsc
 ERROR  @repo/ui#build:components: command (C:\bizedapp\bized-app\packages\ui) C:\Program Files\nodejs\npm.cmd run build:components exited (2)

 Tasks:    1 successful, 2 total
Cached:    1 cached, 2 total
  Time:    1.46s 
Failed:    @repo/ui#build:components

 ERROR  run failed: command  exited (2)
